wandb: WARNING `start_method` is deprecated and will be removed in a future version of wandb. This setting is currently non-functional and safely ignored.
wandb: [wandb.login()] Loaded credentials for https://api.wandb.ai from /root/.netrc.
wandb: Currently logged in as: sheungyingmai (sheungyingmai-the-university-of-hong-kong) to https://api.wandb.ai. Use `wandb login --relogin` to force relogin
wandb: setting up run f8qdzha0
wandb: Tracking run with wandb version 0.27.0
wandb: Run data is saved locally in /root/autodl-tmp/lora-baselines-run_v1/results/runs/dialogue_nlg_arper_woz3_dialogue_act_seed1_ours_strict_v64_smoke/wandb/run-20260704_064123-f8qdzha0
wandb: Run `wandb offline` to turn off syncing.
wandb: Syncing run dialogue_nlg_arper_woz3_dialogue_act_seed1_ours_strict_v64_smoke
wandb: ⭐️ View project at https://wandb.ai/sheungyingmai-the-university-of-hong-kong/lora-ours
wandb: 🚀 View run at https://wandb.ai/sheungyingmai-the-university-of-hong-kong/lora-ours/runs/f8qdzha0
[2026-07-04 06:41:24] W&B enabled: project=lora-ours group=ccfa_dialogue_arper_woz3_patha_v64_smoke mode=online
[2026-07-04 06:41:24] Config: configs/ccfa_three_suite/dialogue_nlg_arper_woz3_dialogue_act_seed1_ours_strict_v64_smoke.yaml
[2026-07-04 06:41:24] Mode: ours
[2026-07-04 06:41:24] Run ID: dialogue_nlg_arper_woz3_dialogue_act_seed1_ours_strict_v64_smoke
[2026-07-04 06:41:25] Loaded stream: benchmark=ARPER-WOZ3-unique-dialogue_act version=ccfa_arper_official_resource_v1 segments=2
Calling build_backbone...
`torch_dtype` is deprecated! Use `dtype` instead!
Loading weights:   0%|          | 0/192 [00:00<?, ?it/s]Loading weights:  38%|███▊      | 72/192 [00:00<00:00, 408.32it/s]Loading weights:  59%|█████▉    | 113/192 [00:00<00:00, 405.20it/s]Loading weights:  87%|████████▋ | 167/192 [00:00<00:00, 455.46it/s]Loading weights: 100%|██████████| 192/192 [00:00<00:00, 402.28it/s]
The tied weights mapping and config for this model specifies to tie shared.weight to lm_head.weight, but both are present in the checkpoints, so we will NOT tie them. You should update the config with `tie_word_embeddings=False` to silence this warning
The tied weights mapping and config for this model specifies to tie shared.weight to encoder.embed_tokens.weight, but both are present in the checkpoints, so we will NOT tie them. You should update the config with `tie_word_embeddings=False` to silence this warning
The tied weights mapping and config for this model specifies to tie shared.weight to decoder.embed_tokens.weight, but both are present in the checkpoints, so we will NOT tie them. You should update the config with `tie_word_embeddings=False` to silence this warning
Calling build_lora_wrapper...
Done build_lora_wrapper.
[2026-07-04 06:41:26] LoRA: {"enabled": true, "r": 16, "alpha": 32, "dropout": 0.05, "target_modules": ["q", "v"], "active_adapter": "default", "num_adapters": 1, "frozen_adapters": [], "total_parameters": 110548352, "trainable_parameters": 688128, "num_trainable_parameter_tensors": 96, "trainable_parameter_name_preview": ["base_model.model.encoder.block.0.layer.0.SelfAttention.q.lora_A.default.weight", "base_model.model.encoder.block.0.layer.0.SelfAttention.q.lora_B.default.weight", "base_model.model.encoder.block.0.layer.0.SelfAttention.v.lora_A.default.weight", "base_model.model.encoder.block.0.layer.0.SelfAttention.v.lora_B.default.weight", "base_model.model.encoder.block.1.layer.0.SelfAttention.q.lora_A.default.weight", "base_model.model.encoder.block.1.layer.0.SelfAttention.q.lora_B.default.weight", "base_model.model.encoder.block.1.layer.0.SelfAttention.v.lora_A.default.weight", "base_model.model.encoder.block.1.layer.0.SelfAttention.v.lora_B.default.weight"]}
[2026-07-04 06:41:26] Ours modules: {"use_drift_detector": true, "use_lora_bank": true, "use_router": true, "use_overlap_loss": true}
Initializing LoRABank...
Done initializing LoRABank.
Starting segment loop...
Inside loop for segment 0...
[2026-07-04 06:41:26] === Segment 0: Book ===
Building drift anchor set...
[2026-07-04 06:41:26] Built drift anchor set (bootstrap_segment_0): {"num_core": 32, "num_probe": 32, "num_total": 64, "core_segment_ids": [0], "probe_segment_ids": [0], "source_segment_ids": [0]}
Done building drift anchor set.
[2026-07-04 06:41:26] Training transient probe expert for segment 0...
[2026-07-04 06:41:41] Transient assessment: merge, isolated_energy_ratio: 0.0000
/root/miniconda3/lib/python3.12/site-packages/peft/tuners/tuners_utils.py:1466: UserWarning: Adapter b_transient was active which is now deleted. Setting active adapter to b0.
  warnings.warn(
[2026-07-04 06:41:41] Merged shared subspace into b0 and unfroze it.
[2026-07-04 06:41:41] No new branch spawned. Subspace energy shared with b0.
[2026-07-04 06:41:41] Merged remaining isolated subspace into b0.
Entering _train_with_routed_assignments...
Calling _assign_training_branches...
Entering _assign_training_branches with strategy=learned_router...
Returning early because len(branch_names) <= 1
Done _assign_training_branches...
Calling model.fit_batch...
Done model.fit_batch.
Calling model.fit_batch...
Done model.fit_batch.
Calling model.fit_batch...
Done model.fit_batch.
Calling model.fit_batch...
Done model.fit_batch.
Calling model.fit_batch...
Done model.fit_batch.
Calling model.fit_batch...
Done model.fit_batch.
Calling model.fit_batch...
Done model.fit_batch.
Calling model.fit_batch...
Done model.fit_batch.
Calling model.fit_batch...
Done model.fit_batch.
Calling model.fit_batch...
Done model.fit_batch.
Calling model.fit_batch...
Done model.fit_batch.
Calling model.fit_batch...
Done model.fit_batch.
Calling model.fit_batch...
Done model.fit_batch.
Calling model.fit_batch...
Done model.fit_batch.
Calling model.fit_batch...
Done model.fit_batch.
Calling model.fit_batch...
Done model.fit_batch.
Calling model.fit_batch...
Done model.fit_batch.
Calling model.fit_batch...
Done model.fit_batch.
Calling model.fit_batch...
Done model.fit_batch.
Calling model.fit_batch...
Done model.fit_batch.
Calling model.fit_batch...
Done model.fit_batch.
Calling model.fit_batch...
Done model.fit_batch.
Calling model.fit_batch...
Done model.fit_batch.
Calling model.fit_batch...
Done model.fit_batch.
Calling model.fit_batch...
Done model.fit_batch.
Calling model.fit_batch...
Done model.fit_batch.
Calling model.fit_batch...
Done model.fit_batch.
Calling model.fit_batch...
Done model.fit_batch.
Calling model.fit_batch...
Done model.fit_batch.
Calling model.fit_batch...
Done model.fit_batch.
Calling model.fit_batch...
Done model.fit_batch.
Calling model.fit_batch...
Done model.fit_batch.
Calling model.fit_batch...
Done model.fit_batch.
Calling model.fit_batch...
Done model.fit_batch.
Calling model.fit_batch...
Done model.fit_batch.
Calling model.fit_batch...
Done model.fit_batch.
Calling model.fit_batch...
Done model.fit_batch.
Calling model.fit_batch...
Done model.fit_batch.
Calling model.fit_batch...
Done model.fit_batch.
Calling model.fit_batch...
Done model.fit_batch.
Calling model.fit_batch...
Done model.fit_batch.
Calling model.fit_batch...
Done model.fit_batch.
Calling model.fit_batch...
Done model.fit_batch.
Calling model.fit_batch...
Done model.fit_batch.
Calling model.fit_batch...
Done model.fit_batch.
Calling model.fit_batch...
Done model.fit_batch.
Calling model.fit_batch...
Done model.fit_batch.
Calling model.fit_batch...
Done model.fit_batch.
Calling model.fit_batch...
Done model.fit_batch.
Calling model.fit_batch...
Done model.fit_batch.
Calling model.fit_batch...
Done model.fit_batch.
Calling model.fit_batch...
Done model.fit_batch.
Calling model.fit_batch...
Done model.fit_batch.
Calling model.fit_batch...
Done model.fit_batch.
Calling model.fit_batch...
Done model.fit_batch.
Calling model.fit_batch...
Done model.fit_batch.
Calling model.fit_batch...
Done model.fit_batch.
Calling model.fit_batch...
Done model.fit_batch.
Calling model.fit_batch...
Done model.fit_batch.
Calling model.fit_batch...
Done model.fit_batch.
Calling model.fit_batch...
Done model.fit_batch.
Calling model.fit_batch...
Done model.fit_batch.
Calling model.fit_batch...
Done model.fit_batch.
Calling model.fit_batch...
Done model.fit_batch.
[2026-07-04 06:41:57] Train metrics: {"batches": 64, "optimizer_steps": 8, "gradient_accumulation_steps": 8, "mean_batch_acc": 0.0, "train.loss": 3.8544921875, "train.answer_token_acc": 0.37029334832914174, "num_total_tokens": 3250, "num_supervised_tokens": 1904, "grad_norm": 0.7835759376756419, "lora_param_delta_l2": 0.06993880500538933, "lr": 0.0001, "router_training_strategy": "learned_router", "routed_train_examples": 64, "task_aware_fallback_training_branch": "b0", "routed_train_num_branches": 1, "routed_train_fallback_to_active": 64, "routed_train_branch_counts_json": "{\"b0\": 64}", "routed_train_mean_margin": 0.0, "train.target_supervision_guard_enabled": 0.0, "train.supervised_eos_tokens": 1.0, "train.supervised_pad_tokens": 0.0, "train.continuation_loss_weight": 1.0, "train.continuation_weighted_rows": 0.0, "train.continuation_weighted_tokens": 0.0, "train.continuation_weighted_token_ratio": 0.0, "train.content_loss_weight": 1.0, "train.content_weighted_rows": 0.0, "train.content_weighted_tokens": 0.0, "train.content_weighted_token_ratio": 0.0, "train.content_subtoken_match_enabled": 0.0, "train.content_subtoken_extra_tokens": 0.0, "train.speaker_loss_weight": 1.0, "train.speaker_weighted_rows": 0.0, "train.speaker_weighted_tokens": 0.0, "train.speaker_weighted_token_ratio": 0.0, "train.slot_copy_loss_weight": 1.0, "train.slot_copy_weighted_rows": 0.0, "train.slot_copy_weighted_tokens": 0.0, "train.slot_copy_weighted_token_ratio": 0.0, "train.slot_copy_terms": 0.0, "train.target_slot_loss_weight": 1.0, "train.target_slot_weighted_rows": 0.0, "train.target_slot_weighted_tokens": 0.0, "train.target_slot_weighted_token_ratio": 0.0, "train.target_slot_terms": 0.0, "task_aware_fallback_assignment_after_proto": "b0", "task_aware_fallback_assignment_preserved": true, "router_prototype_update_steps": 2, "router_pll_bonus_steps": 0, "router_feature_adapter": "default", "router_num_candidates": 64, "router_num_labels": 64, "router_num_skipped_low_margin": 0, "router_mean_margin": 0.0, "router_loss": 0.0, "router_train_acc": 1.0, "num_branches": 1, "num_trainable_branches": 1, "segment_anchor_proto_refreshed": 1, "segment_anchor_proto_samples": 64, "segment_anchor_proto_feature_adapter": "default", "overlap_loss_proxy": 0.0, "overlap_mean_cosine": 0.0}
[2026-07-04 06:41:57] Eval start heartbeat: {"segment_id": 0, "segment_name": "Book", "num_seen_segments": 1, "timeout_seconds": 0}
[2026-07-04 06:42:11] Eval end heartbeat: {"segment_id": 0, "segment_name": "Book", "elapsed_seconds": 14.020698547363281}
[2026-07-04 06:42:11] Eval metrics: {"current_score": 0.0, "seen_avg_score": 0.0, "current_task_aware_score": 0.3125, "seen_avg_task_aware_score": 0.3125, "forgetting": 0.0, "task_aware_forgetting": 0.0, "num_seen_segments": 1, "token_f1_mean": 0.0, "lcs_overlap_mean": 0.0, "rouge_l_mean": 0.32839765453536235, "bleu_mean": 0.0009870713977823662, "slot_error_rate": 0.0, "extra": {"per_segment_accuracy": [{"segment_id": 0, "accuracy": 0.0}], "per_segment_task_aware_accuracy": [{"segment_id": 0, "task_aware_accuracy": 0.3125}], "anytime_score": 0.0, "anytime_task_aware_score": 0.3125, "forgetting_by_segment": [{"segment_id": 0, "accuracy": 0.0, "best_historical_accuracy": 0.0, "forgetting": 0.0}], "task_aware_forgetting_by_segment": [{"segment_id": 0, "task_aware_accuracy": 0.3125, "best_historical_task_aware_accuracy": 0.3125, "task_aware_forgetting": 0.0}], "routing": {"num_routed": 64, "branch_counts": {"b0": 64}, "oracle_best_branch_counts": {"b0": 64}, "oracle_agreement_count": 64, "oracle_num_examples": 64, "confidence_sum": 64.0, "entropy_sum": -6.400568963723785e-11, "oracle_margin_sum": 0.0, "branch_utilization": {"b0": 1.0}, "decision_confidence_mean": 1.0, "decision_entropy_mean": -1.0000889005818414e-12, "oracle_agreement_rate": 1.0, "oracle_margin_mean": 0.0}, "token_f1_mean": 0.0, "lcs_overlap_mean": 0.0, "rouge_l_mean": 0.32839765453536235, "bleu_mean": 0.0009870713977823662, "slot_error_rate": 0.0, "slot_error_count": 0, "task_aware_score_mean": 0.32839765453536235, "task_score_type_counts": {"rouge_l": 64}, "prefix_1_match_mean": 0.0, "prefix_3_match_mean": 0.0, "prefix_5_match_mean": 0.0, "num_bad_prefix_mismatch": 50, "likely_assistant_start_or_continuation_boundary": true}}
[2026-07-04 06:42:11] Drift detector: triggered=False calibrated=True probe_mean_nll=3.6196 core_mean_nll=3.9253 probe_cusum=0.0000 threshold=0.0100 reason=calibration_complete
Inside loop for segment 1...
[2026-07-04 06:42:11] === Segment 1: Inform ===
[2026-07-04 06:42:11] Training transient probe expert for segment 1...
wandb: WARNING Tried to log to step 0 that is less than the current step 4. Steps must be monotonically increasing, so this data will be ignored. See https://wandb.me/define-metric to log data out of order.
[2026-07-04 06:42:33] Transient assessment: spawn, isolated_energy_ratio: 0.7580
[2026-07-04 06:42:33] Merged shared subspace into b0 and unfroze it.
[2026-07-04 06:42:33] Spawned new branch b1 based on subspace energy.
[2026-07-04 06:42:33] Transferred isolated subspace to b1.
[2026-07-04 06:42:33] Spawn-sync prototype init: {"spawn_sync_prototype_branch": "b1", "spawn_sync_prototype_samples": 64, "spawn_sync_feature_adapter": "default"}
[2026-07-04 06:42:33] Built drift anchor set (refresh_after_spawn_segment_1): {"num_core": 32, "num_probe": 32, "num_total": 64, "core_segment_ids": [0], "probe_segment_ids": [0], "source_segment_ids": [0]}
Entering _train_with_routed_assignments...
Calling _assign_training_branches...
Entering _assign_training_branches with strategy=learned_router...
Done _assign_training_branches...
Calling model.fit_batch...
Done model.fit_batch.
Calling model.fit_batch...
Done model.fit_batch.
Calling model.fit_batch...
Done model.fit_batch.
Calling model.fit_batch...
Done model.fit_batch.
Calling model.fit_batch...
Done model.fit_batch.
Calling model.fit_batch...
Done model.fit_batch.
Calling model.fit_batch...
Done model.fit_batch.
Calling model.fit_batch...
Done model.fit_batch.
Calling model.fit_batch...
Done model.fit_batch.
Calling model.fit_batch...
Done model.fit_batch.
Calling model.fit_batch...
Done model.fit_batch.
Calling model.fit_batch...
Done model.fit_batch.
Calling model.fit_batch...
Done model.fit_batch.
Calling model.fit_batch...
Done model.fit_batch.
Calling model.fit_batch...
Done model.fit_batch.
Calling model.fit_batch...
Done model.fit_batch.
Calling model.fit_batch...
Done model.fit_batch.
Calling model.fit_batch...
Done model.fit_batch.
Calling model.fit_batch...
Done model.fit_batch.
Calling model.fit_batch...
Done model.fit_batch.
Calling model.fit_batch...
Done model.fit_batch.
Calling model.fit_batch...
Done model.fit_batch.
Calling model.fit_batch...
Done model.fit_batch.
Calling model.fit_batch...
Done model.fit_batch.
Calling model.fit_batch...
Done model.fit_batch.
Calling model.fit_batch...
Done model.fit_batch.
Calling model.fit_batch...
Done model.fit_batch.
Calling model.fit_batch...
Done model.fit_batch.
Calling model.fit_batch...
Done model.fit_batch.
Calling model.fit_batch...
Done model.fit_batch.
Calling model.fit_batch...
Done model.fit_batch.
Calling model.fit_batch...
Done model.fit_batch.
Calling model.fit_batch...
Done model.fit_batch.
Calling model.fit_batch...
Done model.fit_batch.
Calling model.fit_batch...
Done model.fit_batch.
Calling model.fit_batch...
Done model.fit_batch.
Calling model.fit_batch...
Done model.fit_batch.
Calling model.fit_batch...
Done model.fit_batch.
Calling model.fit_batch...
Done model.fit_batch.
Calling model.fit_batch...
Done model.fit_batch.
Calling model.fit_batch...
Done model.fit_batch.
Calling model.fit_batch...
Done model.fit_batch.
Calling model.fit_batch...
Done model.fit_batch.
Calling model.fit_batch...
Done model.fit_batch.
Calling model.fit_batch...
Done model.fit_batch.
Calling model.fit_batch...
Done model.fit_batch.
Calling model.fit_batch...
Done model.fit_batch.
Calling model.fit_batch...
Done model.fit_batch.
Calling model.fit_batch...
Done model.fit_batch.
Calling model.fit_batch...
Done model.fit_batch.
Calling model.fit_batch...
Done model.fit_batch.
Calling model.fit_batch...
Done model.fit_batch.
Calling model.fit_batch...
Done model.fit_batch.
Calling model.fit_batch...
Done model.fit_batch.
Calling model.fit_batch...
Done model.fit_batch.
Calling model.fit_batch...
Done model.fit_batch.
Calling model.fit_batch...
Done model.fit_batch.
Calling model.fit_batch...
Done model.fit_batch.
Calling model.fit_batch...
Done model.fit_batch.
Calling model.fit_batch...
Done model.fit_batch.
Calling model.fit_batch...
Done model.fit_batch.
Calling model.fit_batch...
Done model.fit_batch.
Calling model.fit_batch...
Done model.fit_batch.
Calling model.fit_batch...
Done model.fit_batch.
[2026-07-04 06:43:01] Train metrics: {"batches": 64, "optimizer_steps": 8, "gradient_accumulation_steps": 8, "mean_batch_acc": 0.0, "train.loss": 3.578125, "train.answer_token_acc": 0.46510073461104184, "num_total_tokens": 3935, "num_supervised_tokens": 2140, "grad_norm": 0.7024467084204424, "lora_param_delta_l2": 0.06665300278908173, "lr": 0.0001, "router_training_strategy": "learned_router", "routed_train_examples": 64, "task_aware_fallback_training_branch": "b1", "routed_train_num_branches": 2, "routed_train_fallback_to_active": 64, "routed_train_branch_counts_json": "{\"b1\": 64}", "routed_train_raw_branch_counts_json": "{\"b1\": 64}", "routed_train_mean_margin": 0.0, "routed_train_force_active_on_spawn_segment": true, "routed_train_forced_active_branch": "b1", "anti_overlap_beta": 0.0999999999999999, "anti_overlap_activation_beta": 0.04999999999999995, "anti_overlap_weight_beta": 0.04999999999999995, "anti_overlap_schedule_scale": 1.0, "anti_overlap_branch_scale": 1.0, "anti_overlap_activation_loss": 0.05007324286270887, "anti_overlap_weight_loss": 0.00037438080804956184, "anti_overlap_routing_loss": 0.0, "anti_overlap_total_loss": 0.05044762382749468, "anti_overlap_steps": 64, "train.target_supervision_guard_enabled": 0.0, "train.supervised_eos_tokens": 1.0, "train.supervised_pad_tokens": 0.0, "train.continuation_loss_weight": 1.0, "train.continuation_weighted_rows": 0.0, "train.continuation_weighted_tokens": 0.0, "train.continuation_weighted_token_ratio": 0.0, "train.content_loss_weight": 1.0, "train.content_weighted_rows": 0.0, "train.content_weighted_tokens": 0.0, "train.content_weighted_token_ratio": 0.0, "train.content_subtoken_match_enabled": 0.0, "train.content_subtoken_extra_tokens": 0.0, "train.speaker_loss_weight": 1.0, "train.speaker_weighted_rows": 0.0, "train.speaker_weighted_tokens": 0.0, "train.speaker_weighted_token_ratio": 0.0, "train.slot_copy_loss_weight": 1.0, "train.slot_copy_weighted_rows": 0.0, "train.slot_copy_weighted_tokens": 0.0, "train.slot_copy_weighted_token_ratio": 0.0, "train.slot_copy_terms": 0.0, "train.target_slot_loss_weight": 1.0, "train.target_slot_weighted_rows": 0.0, "train.target_slot_weighted_tokens": 0.0, "train.target_slot_weighted_token_ratio": 0.0, "train.target_slot_terms": 0.0, "task_aware_fallback_assignment_after_proto": "b1", "task_aware_fallback_assignment_preserved": true, "router_prototype_update_steps": 2, "router_pll_bonus_steps": 0, "router_feature_adapter": "default", "router_num_candidates": 64, "router_num_labels": 40, "router_num_skipped_low_margin": 24, "router_mean_margin": 0.02890625, "num_router_labels": 40, "router_loss": 0.0, "router_ce_loss": 0.0, "router_train_acc": 0.5, "router_num_prototypes": 2, "router_prototypes_updated": 2, "num_branches": 2, "num_trainable_branches": 2, "segment_anchor_proto_refreshed": 2, "segment_anchor_proto_samples": 64, "segment_anchor_proto_feature_adapter": "default", "overlap_loss_proxy": 0.09998845460502162, "overlap_mean_cosine": 0.9998845460502161}
[2026-07-04 06:43:01] Eval start heartbeat: {"segment_id": 1, "segment_name": "Inform", "num_seen_segments": 2, "timeout_seconds": 0}
