wandb: WARNING `start_method` is deprecated and will be removed in a future version of wandb. This setting is currently non-functional and safely ignored.
wandb: [wandb.login()] Loaded credentials for https://api.wandb.ai from /root/.netrc.
wandb: Currently logged in as: sheungyingmai (sheungyingmai-the-university-of-hong-kong) to https://api.wandb.ai. Use `wandb login --relogin` to force relogin
wandb: setting up run 2xu7v2f5
wandb: Tracking run with wandb version 0.27.0
wandb: Run data is saved locally in /root/autodl-tmp/lora-baselines-run_v1/results/runs/dialogue_nlg_arper_woz3_dialogue_act_seed1_ours_strict_v65_safe_short/wandb/run-20260704_064621-2xu7v2f5
wandb: Run `wandb offline` to turn off syncing.
wandb: Syncing run dialogue_nlg_arper_woz3_dialogue_act_seed1_ours_strict_v65_safe_short
wandb: ⭐️ View project at https://wandb.ai/sheungyingmai-the-university-of-hong-kong/lora-ours
wandb: 🚀 View run at https://wandb.ai/sheungyingmai-the-university-of-hong-kong/lora-ours/runs/2xu7v2f5
[2026-07-04 06:46:23] W&B enabled: project=lora-ours group=ccfa_dialogue_arper_woz3_patha_v65_safe_short mode=online
[2026-07-04 06:46:23] Config: configs/ccfa_three_suite/dialogue_nlg_arper_woz3_dialogue_act_seed1_ours_strict_v65_safe_short.yaml
[2026-07-04 06:46:23] Mode: ours
[2026-07-04 06:46:23] Run ID: dialogue_nlg_arper_woz3_dialogue_act_seed1_ours_strict_v65_safe_short
[2026-07-04 06:46:24] Loaded stream: benchmark=ARPER-WOZ3-unique-dialogue_act version=ccfa_arper_official_resource_v1 segments=2
Calling build_backbone...
`torch_dtype` is deprecated! Use `dtype` instead!
Loading weights:   0%|          | 0/192 [00:00<?, ?it/s]Loading weights:  62%|██████▎   | 120/192 [00:00<00:00, 1198.59it/s]Loading weights: 100%|██████████| 192/192 [00:00<00:00, 1615.48it/s]
The tied weights mapping and config for this model specifies to tie shared.weight to lm_head.weight, but both are present in the checkpoints, so we will NOT tie them. You should update the config with `tie_word_embeddings=False` to silence this warning
The tied weights mapping and config for this model specifies to tie shared.weight to encoder.embed_tokens.weight, but both are present in the checkpoints, so we will NOT tie them. You should update the config with `tie_word_embeddings=False` to silence this warning
The tied weights mapping and config for this model specifies to tie shared.weight to decoder.embed_tokens.weight, but both are present in the checkpoints, so we will NOT tie them. You should update the config with `tie_word_embeddings=False` to silence this warning
Calling build_lora_wrapper...
Done build_lora_wrapper.
[2026-07-04 06:46:25] LoRA: {"enabled": true, "r": 16, "alpha": 32, "dropout": 0.05, "target_modules": ["q", "v"], "active_adapter": "default", "num_adapters": 1, "frozen_adapters": [], "total_parameters": 110548352, "trainable_parameters": 688128, "num_trainable_parameter_tensors": 96, "trainable_parameter_name_preview": ["base_model.model.encoder.block.0.layer.0.SelfAttention.q.lora_A.default.weight", "base_model.model.encoder.block.0.layer.0.SelfAttention.q.lora_B.default.weight", "base_model.model.encoder.block.0.layer.0.SelfAttention.v.lora_A.default.weight", "base_model.model.encoder.block.0.layer.0.SelfAttention.v.lora_B.default.weight", "base_model.model.encoder.block.1.layer.0.SelfAttention.q.lora_A.default.weight", "base_model.model.encoder.block.1.layer.0.SelfAttention.q.lora_B.default.weight", "base_model.model.encoder.block.1.layer.0.SelfAttention.v.lora_A.default.weight", "base_model.model.encoder.block.1.layer.0.SelfAttention.v.lora_B.default.weight"]}
[2026-07-04 06:46:25] Ours modules: {"use_drift_detector": true, "use_lora_bank": true, "use_router": true, "use_overlap_loss": true}
Initializing LoRABank...
Done initializing LoRABank.
Starting segment loop...
Inside loop for segment 0...
[2026-07-04 06:46:25] === Segment 0: Book ===
Building drift anchor set...
[2026-07-04 06:46:25] Built drift anchor set (bootstrap_segment_0): {"num_core": 8, "num_probe": 8, "num_total": 16, "core_segment_ids": [0], "probe_segment_ids": [0], "source_segment_ids": [0]}
Done building drift anchor set.
[2026-07-04 06:46:25] Training transient probe expert for segment 0...
[2026-07-04 06:46:29] Transient assessment: merge, isolated_energy_ratio: 0.0000
/root/miniconda3/lib/python3.12/site-packages/peft/tuners/tuners_utils.py:1466: UserWarning: Adapter b_transient was active which is now deleted. Setting active adapter to b0.
  warnings.warn(
[2026-07-04 06:46:29] Merged shared subspace into b0 and unfroze it.
[2026-07-04 06:46:29] No new branch spawned. Subspace energy shared with b0.
[2026-07-04 06:46:29] Merged remaining isolated subspace into b0.
Entering _train_with_routed_assignments...
Calling _assign_training_branches...
Entering _assign_training_branches with strategy=learned_router...
Returning early because len(branch_names) <= 1
Done _assign_training_branches...
Calling model.fit_batch...
Done model.fit_batch.
Calling model.fit_batch...
Done model.fit_batch.
Calling model.fit_batch...
Done model.fit_batch.
Calling model.fit_batch...
Done model.fit_batch.
Calling model.fit_batch...
Done model.fit_batch.
Calling model.fit_batch...
Done model.fit_batch.
Calling model.fit_batch...
Done model.fit_batch.
Calling model.fit_batch...
Done model.fit_batch.
Calling model.fit_batch...
Done model.fit_batch.
Calling model.fit_batch...
Done model.fit_batch.
Calling model.fit_batch...
Done model.fit_batch.
Calling model.fit_batch...
Done model.fit_batch.
Calling model.fit_batch...
Done model.fit_batch.
Calling model.fit_batch...
Done model.fit_batch.
Calling model.fit_batch...
Done model.fit_batch.
Calling model.fit_batch...
Done model.fit_batch.
[2026-07-04 06:46:33] Train metrics: {"batches": 16, "optimizer_steps": 2, "gradient_accumulation_steps": 8, "mean_batch_acc": 0.0, "train.loss": 4.0400390625, "train.answer_token_acc": 0.34169976972043514, "num_total_tokens": 811, "num_supervised_tokens": 510, "grad_norm": 0.6558740851847455, "lora_param_delta_l2": 0.07704012725087549, "lr": 0.0001, "router_training_strategy": "learned_router", "routed_train_examples": 16, "task_aware_fallback_training_branch": "b0", "routed_train_num_branches": 1, "routed_train_fallback_to_active": 16, "routed_train_branch_counts_json": "{\"b0\": 16}", "routed_train_mean_margin": 0.0, "train.target_supervision_guard_enabled": 0.0, "train.supervised_eos_tokens": 1.0, "train.supervised_pad_tokens": 0.0, "train.continuation_loss_weight": 1.0, "train.continuation_weighted_rows": 0.0, "train.continuation_weighted_tokens": 0.0, "train.continuation_weighted_token_ratio": 0.0, "train.content_loss_weight": 1.0, "train.content_weighted_rows": 0.0, "train.content_weighted_tokens": 0.0, "train.content_weighted_token_ratio": 0.0, "train.content_subtoken_match_enabled": 0.0, "train.content_subtoken_extra_tokens": 0.0, "train.speaker_loss_weight": 1.0, "train.speaker_weighted_rows": 0.0, "train.speaker_weighted_tokens": 0.0, "train.speaker_weighted_token_ratio": 0.0, "train.slot_copy_loss_weight": 1.0, "train.slot_copy_weighted_rows": 0.0, "train.slot_copy_weighted_tokens": 0.0, "train.slot_copy_weighted_token_ratio": 0.0, "train.slot_copy_terms": 0.0, "train.target_slot_loss_weight": 1.0, "train.target_slot_weighted_rows": 0.0, "train.target_slot_weighted_tokens": 0.0, "train.target_slot_weighted_token_ratio": 0.0, "train.target_slot_terms": 0.0, "task_aware_fallback_assignment_after_proto": "b0", "task_aware_fallback_assignment_preserved": true, "router_prototype_update_steps": 2, "router_pll_bonus_steps": 0, "router_feature_adapter": "default", "router_num_candidates": 16, "router_num_labels": 16, "router_num_skipped_low_margin": 0, "router_mean_margin": 0.0, "router_loss": 0.0, "router_train_acc": 1.0, "num_branches": 1, "num_trainable_branches": 1, "segment_anchor_proto_refreshed": 1, "segment_anchor_proto_samples": 16, "segment_anchor_proto_feature_adapter": "default", "overlap_loss_proxy": 0.0, "overlap_mean_cosine": 0.0}
[2026-07-04 06:46:33] Eval start heartbeat: {"segment_id": 0, "segment_name": "Book", "num_seen_segments": 1, "timeout_seconds": 0}
[2026-07-04 06:46:36] Eval end heartbeat: {"segment_id": 0, "segment_name": "Book", "elapsed_seconds": 2.8955888748168945}
[2026-07-04 06:46:36] Eval metrics: {"current_score": 0.0, "seen_avg_score": 0.0, "current_task_aware_score": 0.1875, "seen_avg_task_aware_score": 0.1875, "forgetting": 0.0, "task_aware_forgetting": 0.0, "num_seen_segments": 1, "token_f1_mean": 0.0, "lcs_overlap_mean": 0.0, "rouge_l_mean": 0.3479842522673405, "bleu_mean": 0.0006805123138136295, "slot_error_rate": 0.0, "extra": {"per_segment_accuracy": [{"segment_id": 0, "accuracy": 0.0}], "per_segment_task_aware_accuracy": [{"segment_id": 0, "task_aware_accuracy": 0.1875}], "anytime_score": 0.0, "anytime_task_aware_score": 0.1875, "forgetting_by_segment": [{"segment_id": 0, "accuracy": 0.0, "best_historical_accuracy": 0.0, "forgetting": 0.0}], "task_aware_forgetting_by_segment": [{"segment_id": 0, "task_aware_accuracy": 0.1875, "best_historical_task_aware_accuracy": 0.1875, "task_aware_forgetting": 0.0}], "routing": {"num_routed": 16, "branch_counts": {"b0": 16}, "oracle_best_branch_counts": {"b0": 16}, "oracle_agreement_count": 16, "oracle_num_examples": 16, "confidence_sum": 16.0, "entropy_sum": -1.600142240930945e-11, "oracle_margin_sum": 0.0, "branch_utilization": {"b0": 1.0}, "decision_confidence_mean": 1.0, "decision_entropy_mean": -1.0000889005818406e-12, "oracle_agreement_rate": 1.0, "oracle_margin_mean": 0.0}, "token_f1_mean": 0.0, "lcs_overlap_mean": 0.0, "rouge_l_mean": 0.3479842522673405, "bleu_mean": 0.0006805123138136295, "slot_error_rate": 0.0, "slot_error_count": 0, "task_aware_score_mean": 0.3479842522673405, "task_score_type_counts": {"rouge_l": 16}, "prefix_1_match_mean": 0.0, "prefix_3_match_mean": 0.0, "prefix_5_match_mean": 0.0, "num_bad_prefix_mismatch": 14, "likely_assistant_start_or_continuation_boundary": true}}
[2026-07-04 06:46:36] Drift detector: triggered=False calibrated=True probe_mean_nll=3.9609 core_mean_nll=4.2168 probe_cusum=0.0000 threshold=0.0100 reason=calibration_complete
Inside loop for segment 1...
[2026-07-04 06:46:36] === Segment 1: Inform ===
[2026-07-04 06:46:36] Training transient probe expert for segment 1...
[2026-07-04 06:46:40] Transient assessment: spawn, isolated_energy_ratio: 0.8869
[2026-07-04 06:46:40] Merged shared subspace into b0 and unfroze it.
[2026-07-04 06:46:40] Spawned new branch b1 based on subspace energy.
[2026-07-04 06:46:40] Transferred isolated subspace to b1.
[2026-07-04 06:46:40] Spawn-sync prototype init: {"spawn_sync_prototype_branch": "b1", "spawn_sync_prototype_samples": 16, "spawn_sync_feature_adapter": "default"}
[2026-07-04 06:46:40] Built drift anchor set (refresh_after_spawn_segment_1): {"num_core": 8, "num_probe": 8, "num_total": 16, "core_segment_ids": [0], "probe_segment_ids": [0], "source_segment_ids": [0]}
Entering _train_with_routed_assignments...
Calling _assign_training_branches...
Entering _assign_training_branches with strategy=learned_router...
Done _assign_training_branches...
Calling model.fit_batch...
Done model.fit_batch.
Calling model.fit_batch...
Done model.fit_batch.
Calling model.fit_batch...
Done model.fit_batch.
Calling model.fit_batch...
Done model.fit_batch.
Calling model.fit_batch...
Done model.fit_batch.
Calling model.fit_batch...
Done model.fit_batch.
Calling model.fit_batch...
Done model.fit_batch.
Calling model.fit_batch...
Done model.fit_batch.
Calling model.fit_batch...
Done model.fit_batch.
Calling model.fit_batch...
wandb: WARNING Tried to log to step 0 that is less than the current step 4. Steps must be monotonically increasing, so this data will be ignored. See https://wandb.me/define-metric to log data out of order.
Done model.fit_batch.
Calling model.fit_batch...
Done model.fit_batch.
Calling model.fit_batch...
Done model.fit_batch.
Calling model.fit_batch...
Done model.fit_batch.
Calling model.fit_batch...
Done model.fit_batch.
Calling model.fit_batch...
Done model.fit_batch.
Calling model.fit_batch...
Done model.fit_batch.
[2026-07-04 06:46:46] Train metrics: {"batches": 16, "optimizer_steps": 2, "gradient_accumulation_steps": 8, "mean_batch_acc": 0.0, "train.loss": 3.8681640625, "train.answer_token_acc": 0.41587654687464237, "num_total_tokens": 842, "num_supervised_tokens": 399, "grad_norm": 0.5407640724651509, "lora_param_delta_l2": 0.07503898769433451, "lr": 0.0001, "router_training_strategy": "learned_router", "routed_train_examples": 16, "task_aware_fallback_training_branch": "b1", "routed_train_num_branches": 2, "routed_train_fallback_to_active": 16, "routed_train_branch_counts_json": "{\"b1\": 16}", "routed_train_raw_branch_counts_json": "{\"b1\": 16}", "routed_train_mean_margin": 0.0, "routed_train_force_active_on_spawn_segment": true, "routed_train_forced_active_branch": "b1", "anti_overlap_beta": 0.10000000000000002, "anti_overlap_activation_beta": 0.05000000000000001, "anti_overlap_weight_beta": 0.05000000000000001, "anti_overlap_schedule_scale": 1.0, "anti_overlap_branch_scale": 1.0, "anti_overlap_activation_loss": 0.0501953128259629, "anti_overlap_weight_loss": 0.00013020840221240199, "anti_overlap_routing_loss": 0.0, "anti_overlap_total_loss": 0.05032552103511989, "anti_overlap_steps": 16, "train.target_supervision_guard_enabled": 0.0, "train.supervised_eos_tokens": 1.0, "train.supervised_pad_tokens": 0.0, "train.continuation_loss_weight": 1.0, "train.continuation_weighted_rows": 0.0, "train.continuation_weighted_tokens": 0.0, "train.continuation_weighted_token_ratio": 0.0, "train.content_loss_weight": 1.0, "train.content_weighted_rows": 0.0, "train.content_weighted_tokens": 0.0, "train.content_weighted_token_ratio": 0.0, "train.content_subtoken_match_enabled": 0.0, "train.content_subtoken_extra_tokens": 0.0, "train.speaker_loss_weight": 1.0, "train.speaker_weighted_rows": 0.0, "train.speaker_weighted_tokens": 0.0, "train.speaker_weighted_token_ratio": 0.0, "train.slot_copy_loss_weight": 1.0, "train.slot_copy_weighted_rows": 0.0, "train.slot_copy_weighted_tokens": 0.0, "train.slot_copy_weighted_token_ratio": 0.0, "train.slot_copy_terms": 0.0, "train.target_slot_loss_weight": 1.0, "train.target_slot_weighted_rows": 0.0, "train.target_slot_weighted_tokens": 0.0, "train.target_slot_weighted_token_ratio": 0.0, "train.target_slot_terms": 0.0, "task_aware_fallback_assignment_after_proto": "b1", "task_aware_fallback_assignment_preserved": true, "router_prototype_update_steps": 2, "router_pll_bonus_steps": 0, "router_feature_adapter": "default", "router_num_candidates": 16, "router_num_labels": 4, "router_num_skipped_low_margin": 12, "router_mean_margin": 0.0234375, "num_router_labels": 4, "router_loss": 0.0, "router_ce_loss": 0.0, "router_train_acc": 1.0, "router_num_prototypes": 2, "router_prototypes_updated": 1, "num_branches": 2, "num_trainable_branches": 2, "segment_anchor_proto_refreshed": 2, "segment_anchor_proto_samples": 16, "segment_anchor_proto_feature_adapter": "default", "overlap_loss_proxy": 0.09999815107092257, "overlap_mean_cosine": 0.9999815107092256}
[2026-07-04 06:46:46] Eval start heartbeat: {"segment_id": 1, "segment_name": "Inform", "num_seen_segments": 2, "timeout_seconds": 0}
[2026-07-04 06:46:54] Eval end heartbeat: {"segment_id": 1, "segment_name": "Inform", "elapsed_seconds": 7.476832628250122}
[2026-07-04 06:46:54] Eval metrics: {"current_score": 0.0, "seen_avg_score": 0.0, "current_task_aware_score": 0.5, "seen_avg_task_aware_score": 0.34375, "forgetting": 0.0, "task_aware_forgetting": 0.0, "num_seen_segments": 2, "token_f1_mean": 0.0037878787878787884, "lcs_overlap_mean": 0.005208333333333333, "rouge_l_mean": 0.3776444274012264, "bleu_mean": 0.004242487588605286, "slot_error_rate": 0.0, "extra": {"per_segment_accuracy": [{"segment_id": 0, "accuracy": 0.0}, {"segment_id": 1, "accuracy": 0.0}], "per_segment_task_aware_accuracy": [{"segment_id": 0, "task_aware_accuracy": 0.1875}, {"segment_id": 1, "task_aware_accuracy": 0.5}], "anytime_score": 0.0, "anytime_task_aware_score": 0.34375, "forgetting_by_segment": [{"segment_id": 0, "accuracy": 0.0, "best_historical_accuracy": 0.0, "forgetting": 0.0}, {"segment_id": 1, "accuracy": 0.0, "best_historical_accuracy": 0.0, "forgetting": 0.0}], "task_aware_forgetting_by_segment": [{"segment_id": 0, "task_aware_accuracy": 0.1875, "best_historical_task_aware_accuracy": 0.1875, "task_aware_forgetting": 0.0}, {"segment_id": 1, "task_aware_accuracy": 0.5, "best_historical_task_aware_accuracy": 0.5, "task_aware_forgetting": 0.0}], "routing": {"num_routed": 32, "branch_counts": {"b0": 16, "b1": 16}, "oracle_best_branch_counts": {"b0": 28, "b1": 4}, "oracle_agreement_count": 20, "oracle_num_examples": 32, "confidence_sum": 18.801619954764142, "entropy_sum": 21.326973235152096, "oracle_margin_sum": 1.046875, "task_aware_fallback_count": 16, "branch_utilization": {"b0": 0.5, "b1": 0.5}, "decision_confidence_mean": 0.5875506235863794, "decision_entropy_mean": 0.666467913598503, "oracle_agreement_rate": 0.625, "oracle_margin_mean": 0.03271484375}, "token_f1_mean": 0.0037878787878787884, "lcs_overlap_mean": 0.005208333333333333, "rouge_l_mean": 0.3776444274012264, "bleu_mean": 0.004242487588605286, "slot_error_rate": 0.0, "slot_error_count": 0, "task_aware_score_mean": 0.39830945203176826, "task_score_type_counts": {"rouge_l": 32}, "prefix_1_match_mean": 0.0, "prefix_3_match_mean": 0.0, "prefix_5_match_mean": 0.0, "num_bad_prefix_mismatch": 29, "likely_assistant_start_or_continuation_boundary": true}}
[2026-07-04 06:46:54] Drift detector: triggered=True calibrated=True probe_mean_nll=3.9902 core_mean_nll=4.2539 probe_cusum=0.0059 threshold=0.0100 reason=probe_cusum_and_core_guard
[2026-07-04 06:46:54] Saved final metrics: /root/autodl-tmp/lora-baselines-run_v1/results/runs/dialogue_nlg_arper_woz3_dialogue_act_seed1_ours_strict_v65_safe_short/final_metrics.json
[2026-07-04 06:46:54] Saved per-segment table: /root/autodl-tmp/lora-baselines-run_v1/results/tables/dialogue_nlg_arper_woz3_dialogue_act_seed1_ours_strict_v65_safe_short_segment_metrics.csv
wandb: WARNING Symlinked 1 file into the W&B run directory; call wandb.save again to sync new files.
wandb: WARNING Symlinked 1 file into the W&B run directory; call wandb.save again to sync new files.
wandb: WARNING Symlinked 1 file into the W&B run directory; call wandb.save again to sync new files.
wandb: updating run metadata
wandb: uploading final_metrics.json; uploading dialogue_nlg_arper_woz3_dialogue_act_seed1_ours_strict_v65_safe_short_segment_metrics.csv; uploading config_snapshot.yaml; uploading output.log; uploading wandb-summary.json (+ 1 more)
wandb: uploading dialogue_nlg_arper_woz3_dialogue_act_seed1_ours_strict_v65_safe_short_segment_metrics.csv; uploading config_snapshot.yaml; uploading output.log; uploading wandb-summary.json; uploading config.yaml
wandb: uploading history steps 8-10, summary, console lines 120-127
wandb: WARNING Tried to log to step 1 that is less than the current step 10. Steps must be monotonically increasing, so this data will be ignored. See https://wandb.me/define-metric to log data out of order.
wandb: 
wandb: Run summary:
wandb:                        config_path /root/lora-ours/conf...
wandb: drift_quality/detection_delay_mean 0
wandb:    drift_quality/false_alarm_count 0
wandb:     drift_quality/false_alarm_rate 0
wandb:           drift_quality/miss_count 0
wandb:            drift_quality/miss_rate 0
wandb:  drift_quality/num_detected_events 1
wandb:   drift_quality/num_monitor_points 2
wandb:      drift_quality/num_true_shifts 1
wandb:             final/drift.core_cusum 0.00742
wandb:                               +129 ...
wandb: 
wandb: 🚀 View run dialogue_nlg_arper_woz3_dialogue_act_seed1_ours_strict_v65_safe_short at: https://wandb.ai/sheungyingmai-the-university-of-hong-kong/lora-ours/runs/2xu7v2f5
wandb: ⭐️ View project at: https://wandb.ai/sheungyingmai-the-university-of-hong-kong/lora-ours
wandb: Synced 5 W&B file(s), 0 media file(s), 0 artifact file(s) and 3 other file(s)
wandb: Find logs at: /root/autodl-tmp/lora-baselines-run_v1/results/runs/dialogue_nlg_arper_woz3_dialogue_act_seed1_ours_strict_v65_safe_short/wandb/run-20260704_064621-2xu7v2f5/logs
